✅ hlmatch.Length:
   ✅ match.GreaterThan:
      got > 2